Host: node0416.palmetto.clemson.edu
CUDA_VISIBLE_DEVICES=0
Sat Sep 12 01:48:20 2026       
+-----------------------------------------------------------------------------------------+
| NVIDIA-SMI 580.178.04             Driver Version: 580.178.04     CUDA Version: 13.0     |
+-----------------------------------------+------------------------+----------------------+
| GPU  Name                 Persistence-M | Bus-Id          Disp.A | Volatile Uncorr. ECC |
| Fan  Temp   Perf          Pwr:Usage/Cap |           Memory-Usage | GPU-Util  Compute M. |
|                                         |                        |               MIG M. |
|=========================================+========================+======================|
|   0  NVIDIA A100 80GB PCIe          Off |   00000000:17:00.0 Off |                    0 |
| N/A   22C    P0             41W /  300W |     354MiB /  81920MiB |      0%      Default |
|                                         |                        |             Disabled |
+-----------------------------------------+------------------------+----------------------+

+-----------------------------------------------------------------------------------------+
| Processes:                                                                              |
|  GPU   GI   CI              PID   Type   Process name                        GPU Memory |
|        ID   ID                                                               Usage      |
|=========================================================================================|
|    0   N/A  N/A            4207      G   /usr/libexec/Xorg                       106MiB |
|    0   N/A  N/A           58440      G   /usr/libexec/Xorg                       108MiB |
|    0   N/A  N/A           58515      G   /usr/bin/gnome-shell                    102MiB |
+-----------------------------------------------------------------------------------------+
activating heasoft in /home/parshap/miniforge3/heasoft
Completed: NGC4151_fit_unbinned_executed.ipynb
